// Jest Snapshot v1, https://goo.gl/fbAQLP

exports[`<Details /> renders correctly 1`] = `
Array [
  <h2
    className="sc-htpNat eUgMEU"
  >
    I’m busy working on something new
  </h2>,
  <a
    className="sc-bdVaJa kYVele"
    href="https://www.google.com"
    onClick={[Function]}
    target="_blank"
  >
    <span
      className="sc-bwzfXH hGubuC"
    >
      View some previous work
    </span>
  </a>,
]
`;
