// Jest Snapshot v1, https://goo.gl/fbAQLP

exports[`<Details /> renders correctly 1`] = `
Array [
  <h2
    className="sc-htpNat ecbOOl"
  >
    High-performance design & development
  </h2>,
  <a
    className="sc-bdVaJa cxDzBX"
    href="https://www.google.com"
    onClick={[Function]}
    target="_blank"
  >
    <span
      className="sc-bwzfXH ddBnD"
    >
      View my latest projects
    </span>
  </a>,
]
`;
