// Jest Snapshot v1, https://goo.gl/fbAQLP

exports[`<ProjectList /> renders correctly 1`] = `
<div
  className="sc-bdVaJa eYZmLV"
>
  <ul
    className="sc-bwzfXH eDFgnQ"
  >
    <li
      className="sc-htpNat eeRFYY"
    >
      <a
        className="sc-bxivhb oKECp"
        href="/bright"
        onClick={[Function]}
      >
        Bright
      </a>
    </li>
    <li
      className="sc-htpNat eeRFYY"
    >
      <a
        className="sc-bxivhb oKECp"
        href="/brandwatch"
        onClick={[Function]}
      >
        Brandwatch
      </a>
    </li>
    <li
      className="sc-htpNat eeRFYY"
    >
      <a
        className="sc-bxivhb oKECp"
        href="/monster"
        onClick={[Function]}
      >
        Monster
      </a>
    </li>
    <li
      className="sc-htpNat eeRFYY"
    >
      <a
        className="sc-bxivhb oKECp"
        href="/cymbiosis"
        onClick={[Function]}
      >
        Cymbiosis
      </a>
    </li>
    <li
      className="sc-htpNat eeRFYY"
    >
      <a
        className="sc-bxivhb oKECp"
        href="/experiments"
        onClick={[Function]}
      >
        Experiments
      </a>
    </li>
  </ul>
</div>
`;
