// Jest Snapshot v1, https://goo.gl/fbAQLP

exports[`<Work /> renders correctly 1`] = `
<div
  className="sc-bwzfXH dqRWwK"
>
  <div
    className="sc-ifAKCX hQOKDo"
  >
    <a
      className="sc-bdVaJa gBBbQm"
      href="/bright"
      onClick={[Function]}
    >
      Bright
      Bright description
    </a>
    <a
      className="sc-bdVaJa gBBbQm"
      href="/brandwatch"
      onClick={[Function]}
    >
      Brandwatch
      Brandwatch description
    </a>
    <a
      className="sc-bdVaJa gBBbQm"
      href="/monster"
      onClick={[Function]}
    >
      Monster
      Monster description
    </a>
    <a
      className="sc-bdVaJa gBBbQm"
      href="/jamieson"
      onClick={[Function]}
    >
      Jamieson
      Jamieson description
    </a>
    <a
      className="sc-bdVaJa gBBbQm"
      href="/sketchbook"
      onClick={[Function]}
    >
      Sketchbook
      Sketchbook description
    </a>
  </div>
</div>
`;
