// Jest Snapshot v1, https://goo.gl/fbAQLP

exports[`<Social /> renders correctly 1`] = `
<div
  className="sc-htpNat gXzayw"
>
  <a
    className="sc-bxivhb fLJUsn"
    href="path/to/social/profile"
    target="_blank"
  >
    <div
      className="sc-ifAKCX cFlEyZ sc-bdVaJa dqBkPn"
    >
      <svg
        className="icon sc-bwzfXH kdIDyY"
      >
        <use
          xlinkHref="/icon-sprite.svg#this is a label"
        />
      </svg>
    </div>
  </a>
</div>
`;
