// Jest Snapshot v1, https://goo.gl/fbAQLP

exports[`<Navigation /> renders correctly 1`] = `
<nav
  className="sc-bdVaJa bDWFJH"
>
  <ul
    className="sc-bwzfXH gOxZox"
  >
    <li
      className="sc-htpNat iaJVDJ"
    >
      <a
        className="sc-bxivhb fAbNOD"
        href="/"
        onClick={[Function]}
      >
        Overview
      </a>
    </li>
    <li
      className="sc-htpNat iaJVDJ"
    >
      <a
        className="sc-bxivhb fAbNOD"
        href="/projects/"
        onClick={[Function]}
        partiallyActive={true}
      >
        Projects
      </a>
    </li>
    <li
      className="sc-htpNat iaJVDJ"
    >
      <a
        className="sc-bxivhb fAbNOD"
        href="/about/"
        onClick={[Function]}
      >
        About
      </a>
    </li>
  </ul>
</nav>
`;
