// Jest Snapshot v1, https://goo.gl/fbAQLP

exports[`<Logo /> renders correctly 1`] = `
<a
  className="sc-bdVaJa hfzXyJ"
  href="/"
>
  <test-file-stub
    className="sc-bwzfXH dwjrBF"
  />
  <span
    className="sc-htpNat fQindI"
  >
    Andy Hook
  </span>
  <span
    className="sc-bxivhb huEuHg"
  >
    Interface Developer
  </span>
</a>
`;
