// Jest Snapshot v1, https://goo.gl/fbAQLP

exports[`<Navicon /> renders correctly 1`] = `
<button
  className="sc-bdVaJa IrEnj"
  onClick={[Function]}
>
  <svg
    className="sc-bwzfXH fKuZHR"
    viewBox="0 0 25 25"
  >
    <rect
      height="2"
      width="23"
      x="1"
      y="8"
    />
    <rect
      height="2"
      width="23"
      x="1"
      y="15"
    />
  </svg>
</button>
`;
