// Jest Snapshot v1, https://goo.gl/fbAQLP

exports[`<Hero /> renders correctly 1`] = `
<div
  className="sc-htoDjs epVUox"
>
  <div
    className="sc-dnqmqq hvAzbm"
  >
    <h2
      className="sc-gzVnrw hXKoUt"
    >
      High-performance design & development
    </h2>
    <a
      className="sc-EHOje jZbwVB"
      href="path/to/social/profile"
      onClick={[Function]}
      target="_blank"
    >
      <span
        className="sc-bZQynM eNiIGl"
      >
        View my latest projects
      </span>
    </a>
  </div>
  <div
    className="sc-iwsKbI fmvhZb"
  >
    <div
      className="sc-htpNat hgHLpC"
    >
      <a
        aria-label="Get in touch"
        className="sc-bxivhb gcaUoY"
        href="mailto:hello@andy-hook.co.uk"
        onClick={[Function]}
        target="_blank"
      >
        <div
          className="sc-ifAKCX XzGje sc-bdVaJa dqBkPn"
        >
          <svg
            className="icon sc-bwzfXH kdIDyY"
          >
            <use
              xlinkHref="/icon-sprite.svg#mail"
            />
          </svg>
        </div>
      </a>
      <a
        aria-label="Twitter"
        className="sc-bxivhb gcaUoY"
        href="path/to/social/profile"
        onClick={[Function]}
        target="_blank"
      >
        <div
          className="sc-ifAKCX XzGje sc-bdVaJa dqBkPn"
        >
          <svg
            className="icon sc-bwzfXH kdIDyY"
          >
            <use
              xlinkHref="/icon-sprite.svg#twitter"
            />
          </svg>
        </div>
      </a>
      <a
        aria-label="Instagram"
        className="sc-bxivhb gcaUoY"
        href="path/to/social/profile"
        onClick={[Function]}
        target="_blank"
      >
        <div
          className="sc-ifAKCX XzGje sc-bdVaJa dqBkPn"
        >
          <svg
            className="icon sc-bwzfXH kdIDyY"
          >
            <use
              xlinkHref="/icon-sprite.svg#instagram"
            />
          </svg>
        </div>
      </a>
      <a
        aria-label="Linkedin"
        className="sc-bxivhb gcaUoY"
        href="path/to/social/profile"
        onClick={[Function]}
        target="_blank"
      >
        <div
          className="sc-ifAKCX XzGje sc-bdVaJa dqBkPn"
        >
          <svg
            className="icon sc-bwzfXH kdIDyY"
          >
            <use
              xlinkHref="/icon-sprite.svg#linkedin"
            />
          </svg>
        </div>
      </a>
      <a
        aria-label="Dribbble"
        className="sc-bxivhb gcaUoY"
        href="path/to/social/profile"
        onClick={[Function]}
        target="_blank"
      >
        <div
          className="sc-ifAKCX XzGje sc-bdVaJa dqBkPn"
        >
          <svg
            className="icon sc-bwzfXH kdIDyY"
          >
            <use
              xlinkHref="/icon-sprite.svg#dribbble"
            />
          </svg>
        </div>
      </a>
      <a
        aria-label="Github"
        className="sc-bxivhb gcaUoY"
        href="path/to/social/profile"
        onClick={[Function]}
        target="_blank"
      >
        <div
          className="sc-ifAKCX XzGje sc-bdVaJa dqBkPn"
        >
          <svg
            className="icon sc-bwzfXH kdIDyY"
          >
            <use
              xlinkHref="/icon-sprite.svg#github"
            />
          </svg>
        </div>
      </a>
    </div>
  </div>
  <div
    className="sc-gZMcBi kKRIiF"
  >
    <div
      className="sc-gqjmRU kFLaLw"
    />
    <div
      className="sc-VigVT lasMsM"
    >
      <test-file-stub
        className="sc-jTzLTM cZYbUl"
      />
    </div>
  </div>
</div>
`;
