// Jest Snapshot v1, https://goo.gl/fbAQLP

exports[`<Hero /> renders correctly 1`] = `
<div
  className="sc-iwsKbI JTPAQ"
>
  <div
    className="sc-gZMcBi jWnkak"
  >
    <div
      className="sc-dnqmqq cTOySx"
    >
      <div
        className="sc-gzVnrw gZKBUI"
      >
        <h2
          className="sc-htoDjs ffsYaL"
        >
          High-performance design & development
        </h2>
        <a
          className="sc-EHOje gzfwlQ"
          href="path/to/social/profile"
          onClick={[Function]}
          target="_blank"
        >
          <span
            className="sc-bZQynM lcLFrl"
          >
            View my latest projects
          </span>
        </a>
      </div>
    </div>
  </div>
  <div
    className="sc-gqjmRU ranyq"
  >
    <div
      className="sc-htpNat hgHLpC"
    >
      <a
        aria-label="Get in touch"
        className="sc-bxivhb jKjHvL"
        href="mailto:hello@andy-hook.co.uk"
        onClick={[Function]}
        target="_blank"
      >
        <div
          className="sc-ifAKCX XzGje sc-bdVaJa dqBkPn"
        >
          <svg
            className="icon sc-bwzfXH kdIDyY"
          >
            <use
              xlinkHref="/icon-sprite.svg#mail"
            />
          </svg>
        </div>
      </a>
      <a
        aria-label="Twitter"
        className="sc-bxivhb jKjHvL"
        href="path/to/social/profile"
        onClick={[Function]}
        target="_blank"
      >
        <div
          className="sc-ifAKCX XzGje sc-bdVaJa dqBkPn"
        >
          <svg
            className="icon sc-bwzfXH kdIDyY"
          >
            <use
              xlinkHref="/icon-sprite.svg#twitter"
            />
          </svg>
        </div>
      </a>
      <a
        aria-label="Instagram"
        className="sc-bxivhb jKjHvL"
        href="path/to/social/profile"
        onClick={[Function]}
        target="_blank"
      >
        <div
          className="sc-ifAKCX XzGje sc-bdVaJa dqBkPn"
        >
          <svg
            className="icon sc-bwzfXH kdIDyY"
          >
            <use
              xlinkHref="/icon-sprite.svg#instagram"
            />
          </svg>
        </div>
      </a>
      <a
        aria-label="Linkedin"
        className="sc-bxivhb jKjHvL"
        href="path/to/social/profile"
        onClick={[Function]}
        target="_blank"
      >
        <div
          className="sc-ifAKCX XzGje sc-bdVaJa dqBkPn"
        >
          <svg
            className="icon sc-bwzfXH kdIDyY"
          >
            <use
              xlinkHref="/icon-sprite.svg#linkedin"
            />
          </svg>
        </div>
      </a>
      <a
        aria-label="Dribbble"
        className="sc-bxivhb jKjHvL"
        href="path/to/social/profile"
        onClick={[Function]}
        target="_blank"
      >
        <div
          className="sc-ifAKCX XzGje sc-bdVaJa dqBkPn"
        >
          <svg
            className="icon sc-bwzfXH kdIDyY"
          >
            <use
              xlinkHref="/icon-sprite.svg#dribbble"
            />
          </svg>
        </div>
      </a>
      <a
        aria-label="Github"
        className="sc-bxivhb jKjHvL"
        href="path/to/social/profile"
        onClick={[Function]}
        target="_blank"
      >
        <div
          className="sc-ifAKCX XzGje sc-bdVaJa dqBkPn"
        >
          <svg
            className="icon sc-bwzfXH kdIDyY"
          >
            <use
              xlinkHref="/icon-sprite.svg#github"
            />
          </svg>
        </div>
      </a>
    </div>
  </div>
  <div
    className="sc-VigVT hDGzdy"
  >
    <div
      className="sc-jTzLTM eFvayd"
    />
    <div
      className="sc-fjdhpX kNjHrV"
    >
      <test-file-stub
        className="sc-jzJRlG hNRzqK"
      />
    </div>
  </div>
</div>
`;
