// Jest Snapshot v1, https://goo.gl/fbAQLP

exports[`<Splash /> renders correctly 1`] = `
<div
  className="sc-EHOje dOwSkF"
>
  <h1
    className="sc-bZQynM hiKpML"
  >
    <span
      className="sc-gzVnrw ibZhkv"
    >
      I build
    </span>
     
    <span
      className="sc-htoDjs bdtDoS"
    >
      interfaces
    </span>
  </h1>
  <div
    className="sc-dnqmqq bmaZHg sc-htpNat gXzayw"
  >
    <a
      className="sc-bxivhb wpBgH"
      href="http://www.google.com"
      target="_blank"
    >
      <div
        className="sc-ifAKCX cFlEyZ sc-bdVaJa dqBkPn"
      >
        <svg
          className="icon sc-bwzfXH kdIDyY"
        >
          <use
            xlinkHref="/icon-sprite.svg#twitter"
          />
        </svg>
      </div>
    </a>
    <a
      className="sc-bxivhb wpBgH"
      href="http://www.google.com"
      target="_blank"
    >
      <div
        className="sc-ifAKCX cFlEyZ sc-bdVaJa dqBkPn"
      >
        <svg
          className="icon sc-bwzfXH kdIDyY"
        >
          <use
            xlinkHref="/icon-sprite.svg#linkedin"
          />
        </svg>
      </div>
    </a>
  </div>
  <div
    className="sc-iwsKbI eelSTq"
  >
    <test-file-stub
      className="sc-gZMcBi bgtCpa"
    />
  </div>
</div>
`;
