// Jest Snapshot v1, https://goo.gl/fbAQLP

exports[`<Topbar /> renders correctly 1`] = `
Array [
  <div
    className="sc-htpNat feMfmD"
  >
    <test-file-stub
      className="sc-bwzfXH dOifBR"
      open={false}
    />
  </div>,
  <div
    className="sc-bxivhb kCuFQu"
  >
    <div
      className="sc-bdVaJa ghDoxi"
      onClick={[Function]}
    >
      yeeeep 
       undefined
    </div>
  </div>,
]
`;
