// Jest Snapshot v1, https://goo.gl/fbAQLP

exports[`<About /> renders correctly 1`] = `
<div
  className="sc-EHOje PRAcs"
>
  <div
    className="sc-bdVaJa bUDcPf"
  >
    <div
      className="sc-htpNat dzobEj"
    >
      <div
        className="sc-htoDjs ivAwmE"
      >
        <h1
          className="sc-bZQynM jBjNHF"
        >
          About
        </h1>
        <h2
          className="sc-gzVnrw cpBZxR"
        >
          Just a UI developer living in Brighton
        </h2>
      </div>
      <AboutHeroContainer />
    </div>
  </div>
  <footer
    className="sc-ifAKCX hSmABr"
  >
    <div
      className="sc-bdVaJa bUDcPf"
    >
      <div
        className="sc-htpNat dzobEj"
      >
        I am a footer
      </div>
    </div>
  </footer>
</div>
`;
