// Jest Snapshot v1, https://goo.gl/fbAQLP

exports[`<SplitText /> renders correctly 1`] = `
Array [
  <div
    className="sc-bdVaJa kaUtgC"
  >
    <div
      className="sc-bdVaJa kaUtgC"
    >
      T
    </div>
    <div
      className="sc-bdVaJa kaUtgC"
    >
      h
    </div>
    <div
      className="sc-bdVaJa kaUtgC"
    >
      i
    </div>
    <div
      className="sc-bdVaJa kaUtgC"
    >
      s
    </div>
     
  </div>,
  <div
    className="sc-bdVaJa kaUtgC"
  >
    <div
      className="sc-bdVaJa kaUtgC"
    >
      i
    </div>
    <div
      className="sc-bdVaJa kaUtgC"
    >
      s
    </div>
     
  </div>,
  <div
    className="sc-bdVaJa kaUtgC"
  >
    <div
      className="sc-bdVaJa kaUtgC"
    >
      <div
        className="sc-bdVaJa kaUtgC"
      >
        t
      </div>
      <div
        className="sc-bdVaJa kaUtgC"
      >
        e
      </div>
      <div
        className="sc-bdVaJa kaUtgC"
      >
        s
      </div>
      <div
        className="sc-bdVaJa kaUtgC"
      >
        t
      </div>
       
    </div>
    <div
      className="sc-bdVaJa kaUtgC"
    >
      <div
        className="sc-bdVaJa kaUtgC"
      >
        t
      </div>
      <div
        className="sc-bdVaJa kaUtgC"
      >
        e
      </div>
      <div
        className="sc-bdVaJa kaUtgC"
      >
        x
      </div>
      <div
        className="sc-bdVaJa kaUtgC"
      >
        t
      </div>
      
    </div>
  </div>,
]
`;

exports[`<SplitText /> renders without widow if specified 1`] = `
Array [
  <div
    className="sc-bdVaJa kaUtgC"
  >
    <div
      className="sc-bdVaJa kaUtgC"
    >
      T
    </div>
    <div
      className="sc-bdVaJa kaUtgC"
    >
      h
    </div>
    <div
      className="sc-bdVaJa kaUtgC"
    >
      i
    </div>
    <div
      className="sc-bdVaJa kaUtgC"
    >
      s
    </div>
     
  </div>,
  <div
    className="sc-bdVaJa kaUtgC"
  >
    <div
      className="sc-bdVaJa kaUtgC"
    >
      i
    </div>
    <div
      className="sc-bdVaJa kaUtgC"
    >
      s
    </div>
     
  </div>,
  <div
    className="sc-bdVaJa kaUtgC"
  >
    <div
      className="sc-bdVaJa kaUtgC"
    >
      t
    </div>
    <div
      className="sc-bdVaJa kaUtgC"
    >
      e
    </div>
    <div
      className="sc-bdVaJa kaUtgC"
    >
      s
    </div>
    <div
      className="sc-bdVaJa kaUtgC"
    >
      t
    </div>
     
  </div>,
  <div
    className="sc-bdVaJa kaUtgC"
  >
    <div
      className="sc-bdVaJa kaUtgC"
    >
      t
    </div>
    <div
      className="sc-bdVaJa kaUtgC"
    >
      e
    </div>
    <div
      className="sc-bdVaJa kaUtgC"
    >
      x
    </div>
    <div
      className="sc-bdVaJa kaUtgC"
    >
      t
    </div>
    
  </div>,
]
`;
